{"OCID":{"F1":{"R044":1.0},"F2":{"R044":1.0},"F3":{"R044":1.0},"F4":{"R044":1.0}},"Tenderer":{"GB-COH-09506234":{"R044":1.0},"GB-COH-09506232":{"R044":1.0}}}